// Jest Snapshot v1, https://goo.gl/fbAQLP

exports[`DemoService should be able to get nft demo data 1`] = `
[
  {
    "contractAddress": "0x60E4d786628Fea6478F785A6d7e704777c86a7c6",
    "currentOwner": {
      "owners": [
        {
          "address": "0x99a200e88bbe546449c8a68ead170de5aa1f95a4",
          "ownership": {
            "floorAskPrice": null,
            "onSaleCount": "0",
            "tokenCount": "1",
            "topBidValue": 0.191,
            "totalBidValue": 0.191,
          },
        },
      ],
    },
    "highestBid": {
      "contract": "0x60e4d786628fea6478f785a6d7e704777c86a7c6",
      "createdAt": "2022-12-15T18:43:09.665Z",
      "criteria": {
        "data": {
          "collection": {
            "id": "0x60e4d786628fea6478f785a6d7e704777c86a7c6",
          },
        },
        "kind": "collection",
      },
      "expiration": 1671131481,
      "feeBps": 500,
      "feeBreakdown": [
        {
          "bps": 250,
          "kind": "marketplace",
          "recipient": "0x0000a26b00c1f0df003000390027140000faa719",
        },
        {
          "bps": 250,
          "kind": "royalty",
          "recipient": "0xa858ddc0445d8131dac4d1de01f834ffcba52ef1",
        },
      ],
      "id": "0x5e32072d88e162a72eec4504fdb0cd317a4e058205b9a5381cca9318ad53deda",
      "isReservoir": null,
      "kind": "seaport",
      "maker": "0xca027c05547efc041a5e8c02de3c9db83dec7498",
      "price": {
        "amount": {
          "decimal": 13.5,
          "native": 13.5,
          "raw": "13500000000000000000",
          "usd": 17689.6724,
        },
        "currency": {
          "contract": "0xc02aaa39b223fe8d0a0e5c4f27ead9083c756cc2",
          "decimals": 18,
          "name": "Wrapped Ether",
          "symbol": "WETH",
        },
        "netAmount": {
          "decimal": 12.825,
          "native": 12.825,
          "raw": "12825000000000000000",
          "usd": 16805.18878,
        },
      },
      "quantityFilled": 0,
      "quantityRemaining": 1,
      "side": "buy",
      "source": {
        "domain": "opensea.io",
        "icon": "https://raw.githubusercontent.com/reservoirprotocol/indexer/v5/src/models/sources/opensea-logo.svg",
        "id": "0x5b3256965e7c3cf26e11fcaf296dfc8807c01073",
        "name": "OpenSea",
        "url": "https://opensea.io/assets/0x60e4d786628fea6478f785a6d7e704777c86a7c6/9018",
      },
      "status": "active",
      "taker": "0x0000000000000000000000000000000000000000",
      "tokenSetId": "contract:0x60e4d786628fea6478f785a6d7e704777c86a7c6",
      "tokenSetSchemaHash": "0x0000000000000000000000000000000000000000000000000000000000000000",
      "updatedAt": "2022-12-15T18:43:09.665Z",
      "validFrom": 1671129788,
      "validUntil": 1671131481,
    },
    "historicalPrices": [],
    "lastSale": {
      "amount": "1",
      "batchIndex": 1,
      "block": 16127525,
      "fillSource": "uniswap.org",
      "from": "0xc3cea12ffda8b3dff435155461de6fcc72315117",
      "id": "94a3ed007e57a5e9affc36df354c2b1066e11c93c0c371e9063e4bdd13653272",
      "logIndex": 47,
      "orderId": "0xc5e0e0b6b461a4c04aa82a281ef6ec5cbcecfe7770f0eea7925eed8b21f82ee7",
      "orderKind": "looks-rare",
      "orderSide": "ask",
      "orderSource": "looksrare.org",
      "price": {
        "amount": {
          "decimal": 13.8,
          "native": 13.8,
          "raw": "13800000000000000000",
          "usd": 17372.68079,
        },
        "currency": {
          "contract": "0xc02aaa39b223fe8d0a0e5c4f27ead9083c756cc2",
          "decimals": 18,
          "name": "Wrapped Ether",
          "symbol": "WETH",
        },
      },
      "saleId": "2e91df0c36cb8d2e80551bada82ac5c662b6982c6848bc4df62c47b9de39f7d0",
      "timestamp": 1670351063,
      "to": "0x9cbf099ff424979439dfba03f00b5961784c06ce",
      "token": {
        "collection": {
          "id": null,
          "name": null,
        },
        "contract": "0x60e4d786628fea6478f785a6d7e704777c86a7c6",
        "image": null,
        "name": null,
        "tokenId": "9018",
      },
      "txHash": "0xd8095f332684906fe1c74d255b12e533e24c88500202f330738a44c72d844493",
      "washTradingScore": 0,
    },
    "lowestListing": undefined,
    "metadata": {
      "contract": {
        "address": "0x60e4d786628fea6478f785a6d7e704777c86a7c6",
      },
      "contractMetadata": {
        "name": "MutantApeYachtClub",
        "openSea": {
          "collectionName": "Mutant Ape Yacht Club",
          "description": "The MUTANT APE YACHT CLUB is a collection of up to 20,000 Mutant Apes that can only be created by exposing an existing Bored Ape to a vial of MUTANT SERUM or by minting a Mutant Ape in the public sale.",
          "floorPrice": 14.7,
          "imageUrl": "https://i.seadn.io/gae/lHexKRMpw-aoSyB1WdFBff5yfANLReFxHzt1DOj_sg7mS14yARpuvYcUtsyyx-Nkpk6WTcUPFoG53VnLJezYi8hAs0OxNZwlw6Y-dmI?w=500&auto=format",
          "lastIngestedAt": "2022-12-14T19:37:09.000Z",
          "safelistRequestStatus": "verified",
        },
        "symbol": "MAYC",
        "tokenType": "ERC721",
        "totalSupply": "19431",
      },
      "description": "",
      "id": {
        "tokenId": "9018",
        "tokenMetadata": {
          "tokenType": "ERC721",
        },
      },
      "media": [
        {
          "bytes": 189947,
          "format": "png",
          "gateway": "https://res.cloudinary.com/alchemyapi/image/upload/mainnet/b2c406c6d7593fe4d1902d19d30dae6f.png",
          "raw": "ipfs://QmZXdVH9Hc7GCQ615r9qyTwDSYwPgporHc16SCZqV6KMNa",
          "thumbnail": "https://res.cloudinary.com/alchemyapi/image/upload/w_256,h_256/mainnet/b2c406c6d7593fe4d1902d19d30dae6f.png",
        },
      ],
      "metadata": {
        "attributes": [
          {
            "trait_type": "Background",
            "value": "M1 Purple",
          },
          {
            "trait_type": "Fur",
            "value": "M1 Robot",
          },
          {
            "trait_type": "Eyes",
            "value": "M1 Sad",
          },
          {
            "trait_type": "Clothes",
            "value": "M1 Prison Jumpsuit",
          },
          {
            "trait_type": "Mouth",
            "value": "M1 Tongue Out",
          },
        ],
        "image": "ipfs://QmZXdVH9Hc7GCQ615r9qyTwDSYwPgporHc16SCZqV6KMNa",
      },
      "timeLastUpdated": "2022-12-13T22:00:43.999Z",
      "title": "",
      "tokenUri": {
        "gateway": "https://boredapeyachtclub.com/api/mutants/9018",
        "raw": "https://boredapeyachtclub.com/api/mutants/9018",
      },
    },
    "offers": [
      {
        "actualDate": 2022-12-15T18:43:09.665Z,
        "contractAddress": "0x60E4d786628Fea6478F785A6d7e704777c86a7c6",
        "createdAt": 2022-12-15T18:43:09.665Z,
        "expiresAt": 1970-01-20T08:12:11.481Z,
        "fiatCurrency": "USD",
        "fiatPrice": "17689.6724",
        "from": "0xca027c05547efc041a5e8c02de3c9db83dec7498",
        "id": -1,
        "marketplace": {
          "name": "OpenSea",
          "url": "https://opensea.io/assets/0x60e4d786628fea6478f785a6d7e704777c86a7c6/9018",
        },
        "priceAmount": "13.5",
        "priceCurrency": "WETH",
        "rawScrapeDataId": -1,
        "tokenId": 9018,
        "updatedAt": 2022-12-15T18:43:09.665Z,
      },
    ],
    "tokenId": 9018,
  },
  {
    "contractAddress": "0x60E4d786628Fea6478F785A6d7e704777c86a7c6",
    "currentOwner": {
      "owners": [
        {
          "address": "0x8d8b9c79196f32161bcb2a9728d274b3b45eb9af",
          "ownership": {
            "floorAskPrice": null,
            "onSaleCount": "0",
            "tokenCount": "1",
            "topBidValue": 0.191,
            "totalBidValue": 0.191,
          },
        },
      ],
    },
    "highestBid": {
      "contract": "0x60e4d786628fea6478f785a6d7e704777c86a7c6",
      "createdAt": "2022-12-15T18:43:09.665Z",
      "criteria": {
        "data": {
          "collection": {
            "id": "0x60e4d786628fea6478f785a6d7e704777c86a7c6",
          },
        },
        "kind": "collection",
      },
      "expiration": 1671131481,
      "feeBps": 500,
      "feeBreakdown": [
        {
          "bps": 250,
          "kind": "marketplace",
          "recipient": "0x0000a26b00c1f0df003000390027140000faa719",
        },
        {
          "bps": 250,
          "kind": "royalty",
          "recipient": "0xa858ddc0445d8131dac4d1de01f834ffcba52ef1",
        },
      ],
      "id": "0x5e32072d88e162a72eec4504fdb0cd317a4e058205b9a5381cca9318ad53deda",
      "isReservoir": null,
      "kind": "seaport",
      "maker": "0xca027c05547efc041a5e8c02de3c9db83dec7498",
      "price": {
        "amount": {
          "decimal": 13.5,
          "native": 13.5,
          "raw": "13500000000000000000",
          "usd": 17689.6724,
        },
        "currency": {
          "contract": "0xc02aaa39b223fe8d0a0e5c4f27ead9083c756cc2",
          "decimals": 18,
          "name": "Wrapped Ether",
          "symbol": "WETH",
        },
        "netAmount": {
          "decimal": 12.825,
          "native": 12.825,
          "raw": "12825000000000000000",
          "usd": 16805.18878,
        },
      },
      "quantityFilled": 0,
      "quantityRemaining": 1,
      "side": "buy",
      "source": {
        "domain": "opensea.io",
        "icon": "https://raw.githubusercontent.com/reservoirprotocol/indexer/v5/src/models/sources/opensea-logo.svg",
        "id": "0x5b3256965e7c3cf26e11fcaf296dfc8807c01073",
        "name": "OpenSea",
        "url": "https://opensea.io/assets/0x60e4d786628fea6478f785a6d7e704777c86a7c6/3927",
      },
      "status": "active",
      "taker": "0x0000000000000000000000000000000000000000",
      "tokenSetId": "contract:0x60e4d786628fea6478f785a6d7e704777c86a7c6",
      "tokenSetSchemaHash": "0x0000000000000000000000000000000000000000000000000000000000000000",
      "updatedAt": "2022-12-15T18:43:09.665Z",
      "validFrom": 1671129788,
      "validUntil": 1671131481,
    },
    "historicalPrices": [],
    "lastSale": {
      "amount": "1",
      "batchIndex": 1,
      "block": 16066170,
      "fillSource": "looksrare.org",
      "from": "0x7abf54de83f12b660e2ba5f808a357b5cfa3d0a4",
      "id": "39e398df5aa8f5da73b71805335c06fccf05cd9fd4e72c875433589a09bbf971",
      "logIndex": 133,
      "orderId": "0xaea3ead24205bac471a8c34d9618f0b9113c74a89edc3794961441a6e2b0ebb4",
      "orderKind": "looks-rare",
      "orderSide": "bid",
      "orderSource": "looksrare.org",
      "price": {
        "amount": {
          "decimal": 13.1,
          "native": 13.1,
          "raw": "13100000000000000000",
          "usd": 15822.69013,
        },
        "currency": {
          "contract": "0xc02aaa39b223fe8d0a0e5c4f27ead9083c756cc2",
          "decimals": 18,
          "name": "Wrapped Ether",
          "symbol": "WETH",
        },
      },
      "saleId": "70d72de7678a525eab942636422682c40588ed7ce6cc01e8d7e9af092fc508b4",
      "timestamp": 1669610639,
      "to": "0x8d8b9c79196f32161bcb2a9728d274b3b45eb9af",
      "token": {
        "collection": {
          "id": null,
          "name": null,
        },
        "contract": "0x60e4d786628fea6478f785a6d7e704777c86a7c6",
        "image": null,
        "name": null,
        "tokenId": "3927",
      },
      "txHash": "0xb30057cae400a8d7f80ef2d6c28a2d76a13722a7987836a663177d35d22df1b2",
      "washTradingScore": 0,
    },
    "lowestListing": undefined,
    "metadata": {
      "contract": {
        "address": "0x60e4d786628fea6478f785a6d7e704777c86a7c6",
      },
      "contractMetadata": {
        "name": "MutantApeYachtClub",
        "openSea": {
          "collectionName": "Mutant Ape Yacht Club",
          "description": "The MUTANT APE YACHT CLUB is a collection of up to 20,000 Mutant Apes that can only be created by exposing an existing Bored Ape to a vial of MUTANT SERUM or by minting a Mutant Ape in the public sale.",
          "floorPrice": 14.7,
          "imageUrl": "https://i.seadn.io/gae/lHexKRMpw-aoSyB1WdFBff5yfANLReFxHzt1DOj_sg7mS14yARpuvYcUtsyyx-Nkpk6WTcUPFoG53VnLJezYi8hAs0OxNZwlw6Y-dmI?w=500&auto=format",
          "lastIngestedAt": "2022-12-14T19:37:09.000Z",
          "safelistRequestStatus": "verified",
        },
        "symbol": "MAYC",
        "tokenType": "ERC721",
        "totalSupply": "19431",
      },
      "description": "",
      "id": {
        "tokenId": "3927",
        "tokenMetadata": {
          "tokenType": "ERC721",
        },
      },
      "media": [
        {
          "bytes": 742431,
          "format": "png",
          "gateway": "https://nft-cdn.alchemy.com/eth-mainnet/106fb6ba51fa9b4521b6d63d632a3885",
          "raw": "ipfs://QmR1EUAXrH62WZEuBSGa3so8NpdYv6i2fdDfBktGcZL2f3",
          "thumbnail": "https://res.cloudinary.com/alchemyapi/image/upload/thumbnail/eth-mainnet/106fb6ba51fa9b4521b6d63d632a3885",
        },
      ],
      "metadata": {
        "attributes": [
          {
            "trait_type": "Background",
            "value": "M1 Blue",
          },
          {
            "trait_type": "Fur",
            "value": "M1 Dark Brown",
          },
          {
            "trait_type": "Eyes",
            "value": "M1 Angry",
          },
          {
            "trait_type": "Clothes",
            "value": "M1 Tanktop",
          },
          {
            "trait_type": "Hat",
            "value": "M1 Halo",
          },
          {
            "trait_type": "Mouth",
            "value": "M1 Phoneme L",
          },
        ],
        "image": "ipfs://QmR1EUAXrH62WZEuBSGa3so8NpdYv6i2fdDfBktGcZL2f3",
      },
      "timeLastUpdated": "2022-12-15T01:28:10.821Z",
      "title": "",
      "tokenUri": {
        "gateway": "https://boredapeyachtclub.com/api/mutants/3927",
        "raw": "https://boredapeyachtclub.com/api/mutants/3927",
      },
    },
    "offers": [
      {
        "actualDate": 2022-12-15T18:43:09.665Z,
        "contractAddress": "0x60E4d786628Fea6478F785A6d7e704777c86a7c6",
        "createdAt": 2022-12-15T18:43:09.665Z,
        "expiresAt": 1970-01-20T08:12:11.481Z,
        "fiatCurrency": "USD",
        "fiatPrice": "17689.6724",
        "from": "0xca027c05547efc041a5e8c02de3c9db83dec7498",
        "id": -1,
        "marketplace": {
          "name": "OpenSea",
          "url": "https://opensea.io/assets/0x60e4d786628fea6478f785a6d7e704777c86a7c6/3927",
        },
        "priceAmount": "13.5",
        "priceCurrency": "WETH",
        "rawScrapeDataId": -1,
        "tokenId": 3927,
        "updatedAt": 2022-12-15T18:43:09.665Z,
      },
    ],
    "tokenId": 3927,
  },
  {
    "contractAddress": "0xed5af388653567af2f388e6224dc7c4b3241c544",
    "currentOwner": {
      "owners": [
        {
          "address": "0x74c7ebf82fea8e8a22394eec6180c0ca26a411e9",
          "ownership": {
            "floorAskPrice": null,
            "onSaleCount": "0",
            "tokenCount": "1",
            "topBidValue": 0.186,
            "totalBidValue": 0.186,
          },
        },
      ],
    },
    "highestBid": {
      "contract": "0xed5af388653567af2f388e6224dc7c4b3241c544",
      "createdAt": "2022-12-15T18:42:45.231Z",
      "criteria": {
        "data": {
          "collection": {
            "id": "0xed5af388653567af2f388e6224dc7c4b3241c544",
          },
        },
        "kind": "collection",
      },
      "expiration": 1671130849,
      "feeBps": 750,
      "feeBreakdown": [
        {
          "bps": 250,
          "kind": "marketplace",
          "recipient": "0x0000a26b00c1f0df003000390027140000faa719",
        },
        {
          "bps": 500,
          "kind": "royalty",
          "recipient": "0xb4d24dacbdffa1bbf9a624044484b3feeb7fdf74",
        },
      ],
      "id": "0x9ac6dcdd7c538617bbe7482418d35422facf1e2097b53b1f3c4a91fb56cbfe41",
      "isReservoir": null,
      "kind": "seaport",
      "maker": "0x0097b9cfe64455eed479292671a1121f502bc954",
      "price": {
        "amount": {
          "decimal": 11.45455,
          "native": 11.45455,
          "raw": "11454550000000000000",
          "usd": 15009.42497,
        },
        "currency": {
          "contract": "0xc02aaa39b223fe8d0a0e5c4f27ead9083c756cc2",
          "decimals": 18,
          "name": "Wrapped Ether",
          "symbol": "WETH",
        },
        "netAmount": {
          "decimal": 10.59546,
          "native": 10.59546,
          "raw": "10595458750000000000",
          "usd": 13883.71809,
        },
      },
      "quantityFilled": 0,
      "quantityRemaining": 1,
      "side": "buy",
      "source": {
        "domain": "opensea.io",
        "icon": "https://raw.githubusercontent.com/reservoirprotocol/indexer/v5/src/models/sources/opensea-logo.svg",
        "id": "0x5b3256965e7c3cf26e11fcaf296dfc8807c01073",
        "name": "OpenSea",
        "url": "https://opensea.io/assets/0xed5af388653567af2f388e6224dc7c4b3241c544/2743",
      },
      "status": "active",
      "taker": "0x0000000000000000000000000000000000000000",
      "tokenSetId": "contract:0xed5af388653567af2f388e6224dc7c4b3241c544",
      "tokenSetSchemaHash": "0x0000000000000000000000000000000000000000000000000000000000000000",
      "updatedAt": "2022-12-15T18:42:45.231Z",
      "validFrom": 1671129764,
      "validUntil": 1671130849,
    },
    "historicalPrices": [],
    "lastSale": {
      "amount": "1",
      "batchIndex": 1,
      "block": 16027290,
      "fillSource": "opensea.io",
      "from": "0x8599254f994d008f77a2144e049ee27940e9045f",
      "id": "8d8e836c2f6fd769dbbb2a89b2914780dc292a62c7ab96df9180a1725749fff1",
      "logIndex": 203,
      "orderId": "0xef3c38cbfc2da77d9128b736895cb8b0fa8ba4742de5d052d65ac9279a8ca88f",
      "orderKind": "seaport",
      "orderSide": "ask",
      "orderSource": "opensea.io",
      "price": {
        "amount": {
          "decimal": 11.2,
          "native": 11.2,
          "raw": "11200000000000000000",
          "usd": 12435.22798,
        },
        "currency": {
          "contract": "0x0000000000000000000000000000000000000000",
          "decimals": 18,
          "name": "Ether",
          "symbol": "ETH",
        },
      },
      "saleId": "842bfa5d135f96fa908ee9a69c7121e24ce571d83705b37d478d6e6212f09f0e",
      "timestamp": 1669141223,
      "to": "0x74c7ebf82fea8e8a22394eec6180c0ca26a411e9",
      "token": {
        "collection": {
          "id": null,
          "name": null,
        },
        "contract": "0xed5af388653567af2f388e6224dc7c4b3241c544",
        "image": null,
        "name": null,
        "tokenId": "2743",
      },
      "txHash": "0xa0bb0b0299ec28e70728164802953eee3837907e0eff50416eb853407b4c9849",
      "washTradingScore": 0,
    },
    "lowestListing": undefined,
    "metadata": {
      "contract": {
        "address": "0xed5af388653567af2f388e6224dc7c4b3241c544",
      },
      "contractMetadata": {
        "name": "Azuki",
        "openSea": {
          "collectionName": "Azuki",
          "description": "Take the red bean to join the garden. View the collection at [azuki.com/gallery](https://azuki.com/gallery).

Azuki starts with a collection of 10,000 avatars that give you membership access to The Garden: a corner of the internet where artists, builders, and web3 enthusiasts meet to create a decentralized future. Azuki holders receive access to exclusive drops, experiences, and more. Visit [azuki.com](https://azuki.com) for more details.

We rise together. We build together. We grow together.",
          "discordUrl": "https://discord.gg/azuki",
          "externalUrl": "http://www.azuki.com",
          "floorPrice": 12.88,
          "imageUrl": "https://i.seadn.io/gae/H8jOCJuQokNqGBpkBN5wk1oZwO7LM8bNnrHCaekV2nKjnCqw6UB5oaH8XyNeBDj6bA_n1mjejzhFQUP3O1NfjFLHr3FOaeHcTOOT?w=500&auto=format",
          "lastIngestedAt": "2022-12-15T11:53:24.000Z",
          "safelistRequestStatus": "verified",
          "twitterUsername": "azukiofficial",
        },
        "symbol": "AZUKI",
        "tokenType": "ERC721",
        "totalSupply": "10000",
      },
      "description": "",
      "id": {
        "tokenId": "2743",
        "tokenMetadata": {
          "tokenType": "ERC721",
        },
      },
      "media": [
        {
          "gateway": "https://ipfs.io/ipfs/QmYDvPAXtiJg7s8JdRBSLWdgSphQdac8j1YuQNNxcGE1hg/2743.png",
          "raw": "https://ikzttp.mypinata.cloud/ipfs/QmYDvPAXtiJg7s8JdRBSLWdgSphQdac8j1YuQNNxcGE1hg/2743.png",
        },
      ],
      "metadata": {
        "attributes": [
          {
            "trait_type": "Type",
            "value": "Human",
          },
          {
            "trait_type": "Hair",
            "value": "Buzzcut",
          },
          {
            "trait_type": "Headgear",
            "value": "Straw Hat",
          },
          {
            "trait_type": "Clothing",
            "value": "Cloud Poncho",
          },
          {
            "trait_type": "Eyes",
            "value": "Focused",
          },
          {
            "trait_type": "Mouth",
            "value": "Toothpick",
          },
          {
            "trait_type": "Offhand",
            "value": "Bean Juice",
          },
          {
            "trait_type": "Background",
            "value": "Off White A",
          },
        ],
        "image": "https://ikzttp.mypinata.cloud/ipfs/QmYDvPAXtiJg7s8JdRBSLWdgSphQdac8j1YuQNNxcGE1hg/2743.png",
        "name": "Azuki #2743",
      },
      "timeLastUpdated": "2022-12-07T12:19:05.682Z",
      "title": "Azuki #2743",
      "tokenUri": {
        "gateway": "https://ipfs.io/ipfs/QmQFkLSQysj94s5GvTHPyzTxrawwtjgiiYS2TBLgrvw8CW/2743",
        "raw": "https://ikzttp.mypinata.cloud/ipfs/QmQFkLSQysj94s5GvTHPyzTxrawwtjgiiYS2TBLgrvw8CW/2743",
      },
    },
    "offers": [
      {
        "actualDate": 2022-12-15T18:42:45.231Z,
        "contractAddress": "0xed5af388653567af2f388e6224dc7c4b3241c544",
        "createdAt": 2022-12-15T18:42:45.231Z,
        "expiresAt": 1970-01-20T08:12:10.849Z,
        "fiatCurrency": "USD",
        "fiatPrice": "15009.42497",
        "from": "0x0097b9cfe64455eed479292671a1121f502bc954",
        "id": -1,
        "marketplace": {
          "name": "OpenSea",
          "url": "https://opensea.io/assets/0xed5af388653567af2f388e6224dc7c4b3241c544/2743",
        },
        "priceAmount": "11.45455",
        "priceCurrency": "WETH",
        "rawScrapeDataId": -1,
        "tokenId": 2743,
        "updatedAt": 2022-12-15T18:42:45.231Z,
      },
    ],
    "tokenId": 2743,
  },
  {
    "contractAddress": "0x394E3d3044fC89fCDd966D3cb35Ac0B32B0Cda91",
    "currentOwner": {
      "owners": [
        {
          "address": "0xe31bb1a9a271b754cbadcd5e993c883d8e4cf9af",
          "ownership": {
            "floorAskPrice": null,
            "onSaleCount": "0",
            "tokenCount": "1",
            "topBidValue": null,
            "totalBidValue": null,
          },
        },
      ],
    },
    "highestBid": {
      "contract": "0x394e3d3044fc89fcdd966d3cb35ac0b32b0cda91",
      "createdAt": "2022-12-15T18:43:57.153Z",
      "criteria": {
        "data": {
          "attribute": {
            "key": "Archetype",
            "value": "Samurai",
          },
          "collection": {
            "id": "0x394e3d3044fc89fcdd966d3cb35ac0b32b0cda91",
          },
        },
        "kind": "attribute",
      },
      "expiration": 1671131522,
      "feeBps": 750,
      "feeBreakdown": [
        {
          "bps": 250,
          "kind": "marketplace",
          "recipient": "0x0000a26b00c1f0df003000390027140000faa719",
        },
        {
          "bps": 500,
          "kind": "royalty",
          "recipient": "0x60d190772500faca6a32e2b88ff0cfe5d9d75142",
        },
      ],
      "id": "0x2c5292f303daa82add43472e9e957dc784f3bb787123303546e0c8a65a7761f5",
      "isReservoir": null,
      "kind": "seaport",
      "maker": "0x4d278b35b4fa66e7dc694197826abf76240533af",
      "price": {
        "amount": {
          "decimal": 1.4151,
          "native": 1.4151,
          "raw": "1415100000000000000",
          "usd": 1854.27077,
        },
        "currency": {
          "contract": "0xc02aaa39b223fe8d0a0e5c4f27ead9083c756cc2",
          "decimals": 18,
          "name": "Wrapped Ether",
          "symbol": "WETH",
        },
        "netAmount": {
          "decimal": 1.30897,
          "native": 1.30897,
          "raw": "1308967500000000000",
          "usd": 1715.20046,
        },
      },
      "quantityFilled": 0,
      "quantityRemaining": 1,
      "side": "buy",
      "source": {
        "domain": "opensea.io",
        "icon": "https://raw.githubusercontent.com/reservoirprotocol/indexer/v5/src/models/sources/opensea-logo.svg",
        "id": "0x5b3256965e7c3cf26e11fcaf296dfc8807c01073",
        "name": "OpenSea",
        "url": "https://opensea.io/assets/0x394e3d3044fc89fcdd966d3cb35ac0b32b0cda91/6781",
      },
      "status": "active",
      "taker": "0x0000000000000000000000000000000000000000",
      "tokenSetId": "list:0x394e3d3044fc89fcdd966d3cb35ac0b32b0cda91:0xe31d5886b69b6fed95b6e7915d79ac7eaff0cb138901307a1e4705b5a9474f76",
      "tokenSetSchemaHash": "0xa545f91254e7fead5e90779067a20c86a2d4d677790a7ff5ddb8773916afe2dd",
      "updatedAt": "2022-12-15T18:43:57.153Z",
      "validFrom": 1671129836,
      "validUntil": 1671131522,
    },
    "historicalPrices": [],
    "lastSale": {
      "amount": "1",
      "batchIndex": 1,
      "block": 15675893,
      "fillSource": "opensea.io",
      "from": "0xa1c0c0ff6eaa63e7b0c7bf441fc146afdb08fc7b",
      "id": "a99ef93fbe2da5ed84f255d96b94a28b054dfbb36e6b155fbd3290e4231121a5",
      "logIndex": 273,
      "orderId": "0x9f05f13ba7be414d52fd0652c18aceb08a86af18f3d5e62545afc51246f5b928",
      "orderKind": "seaport",
      "orderSide": "bid",
      "orderSource": "opensea.io",
      "price": {
        "amount": {
          "decimal": 5.3,
          "native": 5.3,
          "raw": "5300000000000000000",
          "usd": 7014.2535,
        },
        "currency": {
          "contract": "0xc02aaa39b223fe8d0a0e5c4f27ead9083c756cc2",
          "decimals": 18,
          "name": "Wrapped Ether",
          "symbol": "WETH",
        },
      },
      "saleId": "19034aaa3cb554b941b79af25a40fdf16051fe33caed08d61b428fc1a294e118",
      "timestamp": 1664900099,
      "to": "0xe31bb1a9a271b754cbadcd5e993c883d8e4cf9af",
      "token": {
        "collection": {
          "id": null,
          "name": null,
        },
        "contract": "0x394e3d3044fc89fcdd966d3cb35ac0b32b0cda91",
        "image": null,
        "name": null,
        "tokenId": "6781",
      },
      "txHash": "0xa4823ab85eb06c6d6fa27e809a184249563719a63299fccbccda7dd61b116533",
      "washTradingScore": 0,
    },
    "lowestListing": undefined,
    "metadata": {
      "contract": {
        "address": "0x394e3d3044fc89fcdd966d3cb35ac0b32b0cda91",
      },
      "contractMetadata": {
        "name": "RENGA",
        "openSea": {
          "collectionName": "RENGA",
          "description": "A handcrafted collection of 10,000 characters developed by artist DirtyRobot. Each with their own identity to be discovered within the wider stories of RENGA. In its purest form, RENGA is the art of storytelling.",
          "discordUrl": "https://discord.gg/renga",
          "externalUrl": "https://renga.app/",
          "floorPrice": 1.16,
          "imageUrl": "https://i.seadn.io/gcs/files/f3b11e36be14a5d31c75b19d03996fed.gif?w=500&auto=format",
          "lastIngestedAt": "2022-12-13T12:54:53.000Z",
          "safelistRequestStatus": "verified",
          "twitterUsername": "RENGA_inc",
        },
        "symbol": "RENGA",
        "tokenType": "ERC721",
      },
      "description": "A handcrafted collection of 10,000 characters developed by artist DirtyRobot. Each with their own identity to be discovered within the wider stories of RENGA. In its purest form, RENGA is the art of storytelling. Visit our [website](https://renga.app/) for more details.",
      "id": {
        "tokenId": "6781",
        "tokenMetadata": {
          "tokenType": "ERC721",
        },
      },
      "media": [
        {
          "bytes": 371623,
          "format": "jpeg",
          "gateway": "https://nft-cdn.alchemy.com/eth-mainnet/e359525a295f50c65fd20f6975ed1285",
          "raw": "https://nfts.renga.app/nfts/public/images/6781.jpeg",
          "thumbnail": "https://res.cloudinary.com/alchemyapi/image/upload/thumbnail/eth-mainnet/e359525a295f50c65fd20f6975ed1285",
        },
      ],
      "metadata": {
        "attributes": [
          {
            "trait_type": "Archetype",
            "value": "Samurai",
          },
          {
            "trait_type": "Background",
            "value": "Black",
          },
          {
            "trait_type": "Head",
            "value": "Marble",
          },
          {
            "trait_type": "Armour",
            "value": "Iron Armour Purple",
          },
          {
            "trait_type": "Nose",
            "value": "Ordinary",
          },
          {
            "trait_type": "Hair",
            "value": "Black",
          },
          {
            "trait_type": "Mouth",
            "value": "Cocky Grin",
          },
          {
            "trait_type": "Eyes",
            "value": "Bold",
          },
          {
            "trait_type": "Hands",
            "value": "Dragon Katana Black",
          },
        ],
        "description": "A handcrafted collection of 10,000 characters developed by artist DirtyRobot. Each with their own identity to be discovered within the wider stories of RENGA. In its purest form, RENGA is the art of storytelling. Visit our [website](https://renga.app/) for more details.",
        "image": "https://nfts.renga.app/nfts/public/images/6781.jpeg",
        "name": "RENGA #6781",
      },
      "timeLastUpdated": "2022-12-15T01:14:24.686Z",
      "title": "RENGA #6781",
      "tokenUri": {
        "gateway": "https://nfts.renga.app/nfts/public/erc-721/6781",
        "raw": "https://nfts.renga.app/nfts/public/erc-721/6781",
      },
    },
    "offers": [
      {
        "actualDate": 2022-12-15T18:43:57.153Z,
        "contractAddress": "0x394E3d3044fC89fCDd966D3cb35Ac0B32B0Cda91",
        "createdAt": 2022-12-15T18:43:57.153Z,
        "expiresAt": 1970-01-20T08:12:11.522Z,
        "fiatCurrency": "USD",
        "fiatPrice": "1854.27077",
        "from": "0x4d278b35b4fa66e7dc694197826abf76240533af",
        "id": -1,
        "marketplace": {
          "name": "OpenSea",
          "url": "https://opensea.io/assets/0x394e3d3044fc89fcdd966d3cb35ac0b32b0cda91/6781",
        },
        "priceAmount": "1.4151",
        "priceCurrency": "WETH",
        "rawScrapeDataId": -1,
        "tokenId": 6781,
        "updatedAt": 2022-12-15T18:43:57.153Z,
      },
    ],
    "tokenId": 6781,
  },
]
`;
